2026-05-04 22:55:12 [restartedMain] INFO  c.b.e.E.EurekaServerApplication - Starting EurekaServerApplication using Java 18.0.1.1 with PID 12844 (C:\Users\saksh\Desktop\BlogApplicationMicroServices\EurekaServerApplication\EurekaServerApplication\target\classes started by saksh in C:\Users\saksh\Desktop\BlogApplicationMicroServices\EurekaServerApplication)
2026-05-04 22:55:12 [restartedMain] DEBUG c.b.e.E.EurekaServerApplication - Running with Spring Boot v3.1.5, Spring v6.0.13
2026-05-04 22:55:12 [restartedMain] INFO  c.b.e.E.EurekaServerApplication - No active profile set, falling back to 1 default profile: "default"
2026-05-04 22:55:12 [restartedMain] INFO  o.s.b.d.e.DevToolsPropertyDefaultsPostProcessor - Devtools property defaults active! Set 'spring.devtools.add-properties' to 'false' to disable
2026-05-04 22:55:12 [restartedMain] INFO  o.s.b.d.e.DevToolsPropertyDefaultsPostProcessor - For additional web related logging consider setting the 'logging.level.web' property to 'DEBUG'
2026-05-04 22:55:13 [restartedMain] INFO  o.s.cloud.context.scope.GenericScope - BeanFactory id=08f22613-381d-3a6c-a306-272f6ae4634a
2026-05-04 22:55:13 [restartedMain] INFO  o.s.b.w.e.tomcat.TomcatWebServer - Tomcat initialized with port(s): 8761 (http)
2026-05-04 22:55:13 [restartedMain] INFO  o.a.catalina.core.StandardService - Starting service [Tomcat]
2026-05-04 22:55:13 [restartedMain] INFO  o.a.catalina.core.StandardEngine - Starting Servlet engine: [Apache Tomcat/10.1.15]
2026-05-04 22:55:13 [restartedMain] INFO  o.a.c.c.C.[Tomcat].[localhost].[/] - Initializing Spring embedded WebApplicationContext
2026-05-04 22:55:13 [restartedMain] INFO  o.s.b.w.s.c.ServletWebServerApplicationContext - Root WebApplicationContext: initialization completed in 1550 ms
2026-05-04 22:55:15 [restartedMain] INFO  o.s.b.d.a.OptionalLiveReloadServer - LiveReload server is running on port 35729
2026-05-04 22:55:15 [restartedMain] WARN  o.s.c.l.c.LoadBalancerCacheAutoConfiguration$LoadBalancerCaffeineWarnLogger - Spring Cloud LoadBalancer is currently working with the default cache. While this cache implementation is useful for development and tests, it's recommended to use Caffeine cache in production.You can switch to using Caffeine cache, by adding it and org.springframework.cache.caffeine.CaffeineCacheManager to the classpath.
2026-05-04 22:55:15 [restartedMain] INFO  o.s.c.n.eureka.InstanceInfoFactory - Setting initial instance status as: STARTING
2026-05-04 22:55:15 [restartedMain] WARN  c.n.eureka.cluster.PeerEurekaNodes - The replica size seems to be empty. Check the route 53 DNS Registry
2026-05-04 22:55:15 [restartedMain] INFO  o.s.b.a.e.web.EndpointLinksResolver - Exposing 3 endpoint(s) beneath base path '/actuator'
2026-05-04 22:55:15 [restartedMain] INFO  o.s.c.n.e.s.EurekaServiceRegistry - Registering application EUREKA-SERVER with eureka with status UP
2026-05-04 22:55:15 [Thread-15] INFO  o.s.c.n.e.s.EurekaServerBootstrap - isAws returned false
2026-05-04 22:55:15 [Thread-15] INFO  o.s.c.n.e.s.EurekaServerBootstrap - Initialized server context
2026-05-04 22:55:15 [Thread-15] INFO  o.s.c.n.e.s.EurekaServerInitializerConfiguration - Started Eureka Server
2026-05-04 22:55:15 [restartedMain] INFO  o.s.b.w.e.tomcat.TomcatWebServer - Tomcat started on port(s): 8761 (http) with context path ''
2026-05-04 22:55:15 [restartedMain] INFO  o.s.c.n.e.s.EurekaAutoServiceRegistration - Updating port to 8761
2026-05-04 22:55:15 [restartedMain] INFO  c.b.e.E.EurekaServerApplication - Started EurekaServerApplication in 4.106 seconds (process running for 4.754)
2026-05-04 22:55:22 [http-nio-8761-exec-1] INFO  o.a.c.c.C.[Tomcat].[localhost].[/] - Initializing Spring DispatcherServlet 'dispatcherServlet'
2026-05-04 22:55:22 [http-nio-8761-exec-1] INFO  o.s.web.servlet.DispatcherServlet - Initializing Servlet 'dispatcherServlet'
2026-05-04 22:55:22 [http-nio-8761-exec-1] INFO  o.s.web.servlet.DispatcherServlet - Completed initialization in 2 ms
2026-05-04 23:01:01 [SpringApplicationShutdownHook] INFO  o.s.c.n.e.s.EurekaServiceRegistry - Unregistering application EUREKA-SERVER with eureka with status DOWN
2026-05-04 23:01:01 [SpringApplicationShutdownHook] INFO  o.s.c.n.e.s.EurekaServerBootstrap - Shutting down Eureka Server..
2026-05-04 23:01:01 [SpringApplicationShutdownHook] INFO  o.s.c.n.e.s.EurekaServerBootstrap - Eureka Service is now shutdown...
